2024-10-06 16:19:02 INFO  [main] a.m.MazSkinFinderApplication - Starting MazSkinFinderApplication using Java 22.0.2 with PID 25884 (E:\javaProj\MazSkinFinderApplication\target\classes started by anden in E:\javaProj\MazSkinFinderApplication)
2024-10-06 16:19:02 INFO  [main] a.m.MazSkinFinderApplication - No active profile set, falling back to 1 default profile: "default"
2024-10-06 16:19:02 INFO  [main] o.s.d.r.c.RepositoryConfigurationDelegate - Bootstrapping Spring Data JPA repositories in DEFAULT mode.
2024-10-06 16:19:02 INFO  [main] o.s.d.r.c.RepositoryConfigurationDelegate - Finished Spring Data repository scanning in 30 ms. Found 3 JPA repository interfaces.
2024-10-06 16:19:02 INFO  [main] o.s.b.w.e.tomcat.TomcatWebServer - Tomcat initialized with port 8080 (http)
2024-10-06 16:19:02 INFO  [main] o.a.coyote.http11.Http11NioProtocol - Initializing ProtocolHandler ["http-nio-8080"]
2024-10-06 16:19:02 INFO  [main] o.a.catalina.core.StandardService - Starting service [Tomcat]
2024-10-06 16:19:02 INFO  [main] o.a.catalina.core.StandardEngine - Starting Servlet engine: [Apache Tomcat/10.1.26]
2024-10-06 16:19:03 INFO  [main] o.a.c.c.C.[Tomcat].[localhost].[/] - Initializing Spring embedded WebApplicationContext
2024-10-06 16:19:03 INFO  [main] o.s.b.w.s.c.ServletWebServerApplicationContext - Root WebApplicationContext: initialization completed in 726 ms
2024-10-06 16:19:03 INFO  [main] o.h.jpa.internal.util.LogHelper - HHH000204: Processing PersistenceUnitInfo [name: default]
2024-10-06 16:19:03 INFO  [main] org.hibernate.Version - HHH000412: Hibernate ORM core version 6.5.2.Final
2024-10-06 16:19:03 INFO  [main] o.h.c.i.RegionFactoryInitiator - HHH000026: Second-level cache disabled
2024-10-06 16:19:03 INFO  [main] o.s.o.j.p.SpringPersistenceUnitInfo - No LoadTimeWeaver setup: ignoring JPA class transformer
2024-10-06 16:19:03 INFO  [main] com.zaxxer.hikari.HikariDataSource - HikariPool-1 - Starting...
2024-10-06 16:19:03 INFO  [main] com.zaxxer.hikari.pool.HikariPool - HikariPool-1 - Added connection com.mysql.cj.jdbc.ConnectionImpl@5a6efe33
2024-10-06 16:19:03 INFO  [main] com.zaxxer.hikari.HikariDataSource - HikariPool-1 - Start completed.
2024-10-06 16:19:04 INFO  [main] o.h.e.t.j.p.i.JtaPlatformInitiator - HHH000489: No JTA platform available (set 'hibernate.transaction.jta.platform' to enable JTA platform integration)
2024-10-06 16:19:04 INFO  [main] o.s.o.j.LocalContainerEntityManagerFactoryBean - Initialized JPA EntityManagerFactory for persistence unit 'default'
2024-10-06 16:19:04 INFO  [main] o.s.d.j.r.query.QueryEnhancerFactory - Hibernate is in classpath; If applicable, HQL parser will be used.
2024-10-06 16:19:04 INFO  [main] o.s.s.c.a.a.c.InitializeUserDetailsBeanManagerConfigurer$InitializeUserDetailsManagerConfigurer - Global AuthenticationManager configured with UserDetailsService bean with name customUserDetailsService
2024-10-06 16:19:05 INFO  [main] o.a.coyote.http11.Http11NioProtocol - Starting ProtocolHandler ["http-nio-8080"]
2024-10-06 16:19:05 INFO  [main] o.s.b.w.e.tomcat.TomcatWebServer - Tomcat started on port 8080 (http) with context path '/'
2024-10-06 16:19:05 INFO  [main] a.m.MazSkinFinderApplication - Started MazSkinFinderApplication in 3.23 seconds (process running for 3.72)
2024-10-06 16:19:05 INFO  [scheduling-1] a.m.s.TradeItGGSearchRunner - Async search for all weapons started
2024-10-06 16:19:06 INFO  [http-nio-8080-exec-1] o.a.c.c.C.[Tomcat].[localhost].[/] - Initializing Spring DispatcherServlet 'dispatcherServlet'
2024-10-06 16:19:06 INFO  [http-nio-8080-exec-1] o.s.web.servlet.DispatcherServlet - Initializing Servlet 'dispatcherServlet'
2024-10-06 16:19:06 INFO  [http-nio-8080-exec-1] o.s.web.servlet.DispatcherServlet - Completed initialization in 1 ms
2024-10-06 16:19:15 INFO  [SpringApplicationShutdownHook] o.s.o.j.LocalContainerEntityManagerFactoryBean - Closing JPA EntityManagerFactory for persistence unit 'default'
2024-10-06 16:19:15 INFO  [SpringApplicationShutdownHook] com.zaxxer.hikari.HikariDataSource - HikariPool-1 - Shutdown initiated...
2024-10-06 16:19:15 INFO  [SpringApplicationShutdownHook] com.zaxxer.hikari.HikariDataSource - HikariPool-1 - Shutdown completed.
2024-10-06 21:55:28 INFO  [main] o.s.t.c.s.AnnotationConfigContextLoaderUtils - Could not detect default configuration classes for test class [andender13.mazskinfinderapplication.MazSkinFinderApplicationTests]: MazSkinFinderApplicationTests does not declare any static, non-private, non-final, nested classes annotated with @Configuration.
2024-10-06 21:55:28 INFO  [main] o.s.b.t.c.SpringBootTestContextBootstrapper - Found @SpringBootConfiguration andender13.mazskinfinderapplication.MazSkinFinderApplication for test class andender13.mazskinfinderapplication.MazSkinFinderApplicationTests
2024-10-06 21:55:29 INFO  [main] a.m.MazSkinFinderApplicationTests - Starting MazSkinFinderApplicationTests using Java 22.0.1 with PID 7536 (started by anden in E:\javaProj\MazSkinFinderApplication)
2024-10-06 21:55:29 INFO  [main] a.m.MazSkinFinderApplicationTests - No active profile set, falling back to 1 default profile: "default"
2024-10-06 21:55:30 INFO  [main] o.s.d.r.c.RepositoryConfigurationDelegate - Bootstrapping Spring Data JPA repositories in DEFAULT mode.
2024-10-06 21:55:30 INFO  [main] o.s.d.r.c.RepositoryConfigurationDelegate - Finished Spring Data repository scanning in 59 ms. Found 3 JPA repository interfaces.
2024-10-06 21:55:30 INFO  [main] o.h.jpa.internal.util.LogHelper - HHH000204: Processing PersistenceUnitInfo [name: default]
2024-10-06 21:55:30 INFO  [main] org.hibernate.Version - HHH000412: Hibernate ORM core version 6.5.2.Final
2024-10-06 21:55:30 INFO  [main] o.h.c.i.RegionFactoryInitiator - HHH000026: Second-level cache disabled
2024-10-06 21:55:31 INFO  [main] o.s.o.j.p.SpringPersistenceUnitInfo - No LoadTimeWeaver setup: ignoring JPA class transformer
2024-10-06 21:55:31 INFO  [main] com.zaxxer.hikari.HikariDataSource - HikariPool-1 - Starting...
2024-10-06 21:55:31 INFO  [main] com.zaxxer.hikari.pool.HikariPool - HikariPool-1 - Added connection com.mysql.cj.jdbc.ConnectionImpl@54997f67
2024-10-06 21:55:31 INFO  [main] com.zaxxer.hikari.HikariDataSource - HikariPool-1 - Start completed.
2024-10-06 21:55:32 INFO  [main] o.h.e.t.j.p.i.JtaPlatformInitiator - HHH000489: No JTA platform available (set 'hibernate.transaction.jta.platform' to enable JTA platform integration)
2024-10-06 21:55:33 INFO  [main] o.s.o.j.LocalContainerEntityManagerFactoryBean - Initialized JPA EntityManagerFactory for persistence unit 'default'
2024-10-06 21:55:33 INFO  [main] o.s.d.j.r.query.QueryEnhancerFactory - Hibernate is in classpath; If applicable, HQL parser will be used.
2024-10-06 21:55:33 INFO  [main] o.s.s.c.a.a.c.InitializeUserDetailsBeanManagerConfigurer$InitializeUserDetailsManagerConfigurer - Global AuthenticationManager configured with UserDetailsService bean with name customUserDetailsService
2024-10-06 21:55:35 INFO  [main] a.m.MazSkinFinderApplicationTests - Started MazSkinFinderApplicationTests in 6.458 seconds (process running for 8.046)
2024-10-06 21:55:35 INFO  [scheduling-1] a.m.s.TradeItGGSearchRunner - Async search for all weapons started
2024-10-06 21:55:37 INFO  [SpringApplicationShutdownHook] o.s.o.j.LocalContainerEntityManagerFactoryBean - Closing JPA EntityManagerFactory for persistence unit 'default'
2024-10-06 21:55:37 INFO  [SpringApplicationShutdownHook] com.zaxxer.hikari.HikariDataSource - HikariPool-1 - Shutdown initiated...
2024-10-06 21:55:37 INFO  [SpringApplicationShutdownHook] com.zaxxer.hikari.HikariDataSource - HikariPool-1 - Shutdown completed.
2024-10-06 21:56:34 INFO  [main] o.s.t.c.s.AnnotationConfigContextLoaderUtils - Could not detect default configuration classes for test class [andender13.mazskinfinderapplication.MazSkinFinderApplicationTests]: MazSkinFinderApplicationTests does not declare any static, non-private, non-final, nested classes annotated with @Configuration.
2024-10-06 21:56:34 INFO  [main] o.s.b.t.c.SpringBootTestContextBootstrapper - Found @SpringBootConfiguration andender13.mazskinfinderapplication.MazSkinFinderApplication for test class andender13.mazskinfinderapplication.MazSkinFinderApplicationTests
2024-10-06 21:56:34 INFO  [main] a.m.MazSkinFinderApplicationTests - Starting MazSkinFinderApplicationTests using Java 22.0.1 with PID 29548 (started by anden in E:\javaProj\MazSkinFinderApplication)
2024-10-06 21:56:34 INFO  [main] a.m.MazSkinFinderApplicationTests - No active profile set, falling back to 1 default profile: "default"
2024-10-06 21:56:35 INFO  [main] o.s.d.r.c.RepositoryConfigurationDelegate - Bootstrapping Spring Data JPA repositories in DEFAULT mode.
2024-10-06 21:56:35 INFO  [main] o.s.d.r.c.RepositoryConfigurationDelegate - Finished Spring Data repository scanning in 49 ms. Found 3 JPA repository interfaces.
2024-10-06 21:56:36 INFO  [main] o.h.jpa.internal.util.LogHelper - HHH000204: Processing PersistenceUnitInfo [name: default]
2024-10-06 21:56:36 INFO  [main] org.hibernate.Version - HHH000412: Hibernate ORM core version 6.5.2.Final
2024-10-06 21:56:36 INFO  [main] o.h.c.i.RegionFactoryInitiator - HHH000026: Second-level cache disabled
2024-10-06 21:56:36 INFO  [main] o.s.o.j.p.SpringPersistenceUnitInfo - No LoadTimeWeaver setup: ignoring JPA class transformer
2024-10-06 21:56:36 INFO  [main] com.zaxxer.hikari.HikariDataSource - HikariPool-1 - Starting...
2024-10-06 21:56:37 INFO  [main] com.zaxxer.hikari.pool.HikariPool - HikariPool-1 - Added connection com.mysql.cj.jdbc.ConnectionImpl@65262308
2024-10-06 21:56:37 INFO  [main] com.zaxxer.hikari.HikariDataSource - HikariPool-1 - Start completed.
2024-10-06 21:56:38 INFO  [main] o.h.e.t.j.p.i.JtaPlatformInitiator - HHH000489: No JTA platform available (set 'hibernate.transaction.jta.platform' to enable JTA platform integration)
2024-10-06 21:56:38 INFO  [main] o.s.o.j.LocalContainerEntityManagerFactoryBean - Initialized JPA EntityManagerFactory for persistence unit 'default'
2024-10-06 21:56:38 INFO  [main] o.s.d.j.r.query.QueryEnhancerFactory - Hibernate is in classpath; If applicable, HQL parser will be used.
2024-10-06 21:56:39 INFO  [main] o.s.s.c.a.a.c.InitializeUserDetailsBeanManagerConfigurer$InitializeUserDetailsManagerConfigurer - Global AuthenticationManager configured with UserDetailsService bean with name customUserDetailsService
2024-10-06 21:56:40 INFO  [main] a.m.MazSkinFinderApplicationTests - Started MazSkinFinderApplicationTests in 5.633 seconds (process running for 6.799)
2024-10-06 21:56:40 INFO  [scheduling-1] a.m.s.TradeItGGSearchRunner - Async search for all weapons started
2024-10-06 21:56:41 INFO  [SpringApplicationShutdownHook] o.s.o.j.LocalContainerEntityManagerFactoryBean - Closing JPA EntityManagerFactory for persistence unit 'default'
2024-10-06 21:56:41 INFO  [SpringApplicationShutdownHook] com.zaxxer.hikari.HikariDataSource - HikariPool-1 - Shutdown initiated...
2024-10-06 21:56:41 INFO  [SpringApplicationShutdownHook] com.zaxxer.hikari.HikariDataSource - HikariPool-1 - Shutdown completed.
2024-10-06 21:57:02 INFO  [main] o.s.t.c.s.AnnotationConfigContextLoaderUtils - Could not detect default configuration classes for test class [andender13.mazskinfinderapplication.MazSkinFinderApplicationTests]: MazSkinFinderApplicationTests does not declare any static, non-private, non-final, nested classes annotated with @Configuration.
2024-10-06 21:57:02 INFO  [main] o.s.b.t.c.SpringBootTestContextBootstrapper - Found @SpringBootConfiguration andender13.mazskinfinderapplication.MazSkinFinderApplication for test class andender13.mazskinfinderapplication.MazSkinFinderApplicationTests
2024-10-06 21:57:02 INFO  [main] a.m.MazSkinFinderApplicationTests - Starting MazSkinFinderApplicationTests using Java 22.0.1 with PID 15848 (started by anden in E:\javaProj\MazSkinFinderApplication)
2024-10-06 21:57:02 INFO  [main] a.m.MazSkinFinderApplicationTests - No active profile set, falling back to 1 default profile: "default"
2024-10-06 21:57:03 INFO  [main] o.s.d.r.c.RepositoryConfigurationDelegate - Bootstrapping Spring Data JPA repositories in DEFAULT mode.
2024-10-06 21:57:03 INFO  [main] o.s.d.r.c.RepositoryConfigurationDelegate - Finished Spring Data repository scanning in 50 ms. Found 3 JPA repository interfaces.
2024-10-06 21:57:04 INFO  [main] o.h.jpa.internal.util.LogHelper - HHH000204: Processing PersistenceUnitInfo [name: default]
2024-10-06 21:57:04 INFO  [main] org.hibernate.Version - HHH000412: Hibernate ORM core version 6.5.2.Final
2024-10-06 21:57:04 INFO  [main] o.h.c.i.RegionFactoryInitiator - HHH000026: Second-level cache disabled
2024-10-06 21:57:04 INFO  [main] o.s.o.j.p.SpringPersistenceUnitInfo - No LoadTimeWeaver setup: ignoring JPA class transformer
2024-10-06 21:57:04 INFO  [main] com.zaxxer.hikari.HikariDataSource - HikariPool-1 - Starting...
2024-10-06 21:57:04 INFO  [main] com.zaxxer.hikari.pool.HikariPool - HikariPool-1 - Added connection com.mysql.cj.jdbc.ConnectionImpl@7cbf4f8c
2024-10-06 21:57:04 INFO  [main] com.zaxxer.hikari.HikariDataSource - HikariPool-1 - Start completed.
2024-10-06 21:57:05 INFO  [main] o.h.e.t.j.p.i.JtaPlatformInitiator - HHH000489: No JTA platform available (set 'hibernate.transaction.jta.platform' to enable JTA platform integration)
2024-10-06 21:57:06 INFO  [main] o.s.o.j.LocalContainerEntityManagerFactoryBean - Initialized JPA EntityManagerFactory for persistence unit 'default'
2024-10-06 21:57:06 INFO  [main] o.s.d.j.r.query.QueryEnhancerFactory - Hibernate is in classpath; If applicable, HQL parser will be used.
2024-10-06 21:57:06 INFO  [main] o.s.s.c.a.a.c.InitializeUserDetailsBeanManagerConfigurer$InitializeUserDetailsManagerConfigurer - Global AuthenticationManager configured with UserDetailsService bean with name customUserDetailsService
2024-10-06 21:57:07 INFO  [main] a.m.MazSkinFinderApplicationTests - Started MazSkinFinderApplicationTests in 5.456 seconds (process running for 6.709)
2024-10-06 21:57:07 INFO  [scheduling-1] a.m.s.TradeItGGSearchRunner - Async search for all weapons started
2024-10-06 21:57:09 INFO  [SpringApplicationShutdownHook] o.s.o.j.LocalContainerEntityManagerFactoryBean - Closing JPA EntityManagerFactory for persistence unit 'default'
2024-10-06 21:57:09 INFO  [SpringApplicationShutdownHook] com.zaxxer.hikari.HikariDataSource - HikariPool-1 - Shutdown initiated...
2024-10-06 21:57:09 INFO  [SpringApplicationShutdownHook] com.zaxxer.hikari.HikariDataSource - HikariPool-1 - Shutdown completed.
